# Google Regional Domains (all 195 from google.com/supported_domains)
nftset=/.google.com/6#inet#fw4#vpn_domains
nftset=/google.com/6#inet#fw4#vpn_domains
nftset=/.google.ad/6#inet#fw4#vpn_domains
nftset=/google.ad/6#inet#fw4#vpn_domains
nftset=/.google.ae/6#inet#fw4#vpn_domains
nftset=/google.ae/6#inet#fw4#vpn_domains
nftset=/.google.com.af/6#inet#fw4#vpn_domains
nftset=/google.com.af/6#inet#fw4#vpn_domains
nftset=/.google.com.ag/6#inet#fw4#vpn_domains
nftset=/google.com.ag/6#inet#fw4#vpn_domains
nftset=/.google.al/6#inet#fw4#vpn_domains
nftset=/google.al/6#inet#fw4#vpn_domains
nftset=/.google.am/6#inet#fw4#vpn_domains
nftset=/google.am/6#inet#fw4#vpn_domains
nftset=/.google.co.ao/6#inet#fw4#vpn_domains
nftset=/google.co.ao/6#inet#fw4#vpn_domains
nftset=/.google.com.ar/6#inet#fw4#vpn_domains
nftset=/google.com.ar/6#inet#fw4#vpn_domains
nftset=/.google.as/6#inet#fw4#vpn_domains
nftset=/google.as/6#inet#fw4#vpn_domains
nftset=/.google.at/6#inet#fw4#vpn_domains
nftset=/google.at/6#inet#fw4#vpn_domains
nftset=/.google.com.au/6#inet#fw4#vpn_domains
nftset=/google.com.au/6#inet#fw4#vpn_domains
nftset=/.google.az/6#inet#fw4#vpn_domains
nftset=/google.az/6#inet#fw4#vpn_domains
nftset=/.google.ba/6#inet#fw4#vpn_domains
nftset=/google.ba/6#inet#fw4#vpn_domains
nftset=/.google.com.bd/6#inet#fw4#vpn_domains
nftset=/google.com.bd/6#inet#fw4#vpn_domains
nftset=/.google.be/6#inet#fw4#vpn_domains
nftset=/google.be/6#inet#fw4#vpn_domains
nftset=/.google.bf/6#inet#fw4#vpn_domains
nftset=/google.bf/6#inet#fw4#vpn_domains
nftset=/.google.bg/6#inet#fw4#vpn_domains
nftset=/google.bg/6#inet#fw4#vpn_domains
nftset=/.google.com.bh/6#inet#fw4#vpn_domains
nftset=/google.com.bh/6#inet#fw4#vpn_domains
nftset=/.google.bi/6#inet#fw4#vpn_domains
nftset=/google.bi/6#inet#fw4#vpn_domains
nftset=/.google.bj/6#inet#fw4#vpn_domains
nftset=/google.bj/6#inet#fw4#vpn_domains
nftset=/.google.com.bn/6#inet#fw4#vpn_domains
nftset=/google.com.bn/6#inet#fw4#vpn_domains
nftset=/.google.com.bo/6#inet#fw4#vpn_domains
nftset=/google.com.bo/6#inet#fw4#vpn_domains
nftset=/.google.com.br/6#inet#fw4#vpn_domains
nftset=/google.com.br/6#inet#fw4#vpn_domains
nftset=/.google.bs/6#inet#fw4#vpn_domains
nftset=/google.bs/6#inet#fw4#vpn_domains
nftset=/.google.bt/6#inet#fw4#vpn_domains
nftset=/google.bt/6#inet#fw4#vpn_domains
nftset=/.google.co.bw/6#inet#fw4#vpn_domains
nftset=/google.co.bw/6#inet#fw4#vpn_domains
nftset=/.google.by/6#inet#fw4#vpn_domains
nftset=/google.by/6#inet#fw4#vpn_domains
nftset=/.google.com.bz/6#inet#fw4#vpn_domains
nftset=/google.com.bz/6#inet#fw4#vpn_domains
nftset=/.google.ca/6#inet#fw4#vpn_domains
nftset=/google.ca/6#inet#fw4#vpn_domains
nftset=/.google.cd/6#inet#fw4#vpn_domains
nftset=/google.cd/6#inet#fw4#vpn_domains
nftset=/.google.cf/6#inet#fw4#vpn_domains
nftset=/google.cf/6#inet#fw4#vpn_domains
nftset=/.google.cg/6#inet#fw4#vpn_domains
nftset=/google.cg/6#inet#fw4#vpn_domains
nftset=/.google.ch/6#inet#fw4#vpn_domains
nftset=/google.ch/6#inet#fw4#vpn_domains
nftset=/.google.ci/6#inet#fw4#vpn_domains
nftset=/google.ci/6#inet#fw4#vpn_domains
nftset=/.google.co.ck/6#inet#fw4#vpn_domains
nftset=/google.co.ck/6#inet#fw4#vpn_domains
nftset=/.google.cl/6#inet#fw4#vpn_domains
nftset=/google.cl/6#inet#fw4#vpn_domains
nftset=/.google.cm/6#inet#fw4#vpn_domains
nftset=/google.cm/6#inet#fw4#vpn_domains
nftset=/.google.cn/6#inet#fw4#vpn_domains
nftset=/google.cn/6#inet#fw4#vpn_domains
nftset=/.google.com.co/6#inet#fw4#vpn_domains
nftset=/google.com.co/6#inet#fw4#vpn_domains
nftset=/.google.co.cr/6#inet#fw4#vpn_domains
nftset=/google.co.cr/6#inet#fw4#vpn_domains
nftset=/.google.com.cu/6#inet#fw4#vpn_domains
nftset=/google.com.cu/6#inet#fw4#vpn_domains
nftset=/.google.cv/6#inet#fw4#vpn_domains
nftset=/google.cv/6#inet#fw4#vpn_domains
nftset=/.google.com.cy/6#inet#fw4#vpn_domains
nftset=/google.com.cy/6#inet#fw4#vpn_domains
nftset=/.google.cz/6#inet#fw4#vpn_domains
nftset=/google.cz/6#inet#fw4#vpn_domains
nftset=/.google.de/6#inet#fw4#vpn_domains
nftset=/google.de/6#inet#fw4#vpn_domains
nftset=/.google.dj/6#inet#fw4#vpn_domains
nftset=/google.dj/6#inet#fw4#vpn_domains
nftset=/.google.dk/6#inet#fw4#vpn_domains
nftset=/google.dk/6#inet#fw4#vpn_domains
nftset=/.google.dm/6#inet#fw4#vpn_domains
nftset=/google.dm/6#inet#fw4#vpn_domains
nftset=/.google.com.do/6#inet#fw4#vpn_domains
nftset=/google.com.do/6#inet#fw4#vpn_domains
nftset=/.google.dz/6#inet#fw4#vpn_domains
nftset=/google.dz/6#inet#fw4#vpn_domains
nftset=/.google.com.ec/6#inet#fw4#vpn_domains
nftset=/google.com.ec/6#inet#fw4#vpn_domains
nftset=/.google.ee/6#inet#fw4#vpn_domains
nftset=/google.ee/6#inet#fw4#vpn_domains
nftset=/.google.com.eg/6#inet#fw4#vpn_domains
nftset=/google.com.eg/6#inet#fw4#vpn_domains
nftset=/.google.es/6#inet#fw4#vpn_domains
nftset=/google.es/6#inet#fw4#vpn_domains
nftset=/.google.com.et/6#inet#fw4#vpn_domains
nftset=/google.com.et/6#inet#fw4#vpn_domains
nftset=/.google.fi/6#inet#fw4#vpn_domains
nftset=/google.fi/6#inet#fw4#vpn_domains
nftset=/.google.com.fj/6#inet#fw4#vpn_domains
nftset=/google.com.fj/6#inet#fw4#vpn_domains
nftset=/.google.fm/6#inet#fw4#vpn_domains
nftset=/google.fm/6#inet#fw4#vpn_domains
nftset=/.google.fr/6#inet#fw4#vpn_domains
nftset=/google.fr/6#inet#fw4#vpn_domains
nftset=/.google.ga/6#inet#fw4#vpn_domains
nftset=/google.ga/6#inet#fw4#vpn_domains
nftset=/.google.ge/6#inet#fw4#vpn_domains
nftset=/google.ge/6#inet#fw4#vpn_domains
nftset=/.google.gg/6#inet#fw4#vpn_domains
nftset=/google.gg/6#inet#fw4#vpn_domains
nftset=/.google.com.gh/6#inet#fw4#vpn_domains
nftset=/google.com.gh/6#inet#fw4#vpn_domains
nftset=/.google.com.gi/6#inet#fw4#vpn_domains
nftset=/google.com.gi/6#inet#fw4#vpn_domains
nftset=/.google.gl/6#inet#fw4#vpn_domains
nftset=/google.gl/6#inet#fw4#vpn_domains
nftset=/.google.gm/6#inet#fw4#vpn_domains
nftset=/google.gm/6#inet#fw4#vpn_domains
nftset=/.google.gr/6#inet#fw4#vpn_domains
nftset=/google.gr/6#inet#fw4#vpn_domains
nftset=/.google.com.gt/6#inet#fw4#vpn_domains
nftset=/google.com.gt/6#inet#fw4#vpn_domains
nftset=/.google.gy/6#inet#fw4#vpn_domains
nftset=/google.gy/6#inet#fw4#vpn_domains
nftset=/.google.com.hk/6#inet#fw4#vpn_domains
nftset=/google.com.hk/6#inet#fw4#vpn_domains
nftset=/.google.hn/6#inet#fw4#vpn_domains
nftset=/google.hn/6#inet#fw4#vpn_domains
nftset=/.google.hr/6#inet#fw4#vpn_domains
nftset=/google.hr/6#inet#fw4#vpn_domains
nftset=/.google.ht/6#inet#fw4#vpn_domains
nftset=/google.ht/6#inet#fw4#vpn_domains
nftset=/.google.hu/6#inet#fw4#vpn_domains
nftset=/google.hu/6#inet#fw4#vpn_domains
nftset=/.google.co.id/6#inet#fw4#vpn_domains
nftset=/google.co.id/6#inet#fw4#vpn_domains
nftset=/.google.ie/6#inet#fw4#vpn_domains
nftset=/google.ie/6#inet#fw4#vpn_domains
nftset=/.google.co.il/6#inet#fw4#vpn_domains
nftset=/google.co.il/6#inet#fw4#vpn_domains
nftset=/.google.im/6#inet#fw4#vpn_domains
nftset=/google.im/6#inet#fw4#vpn_domains
nftset=/.google.co.in/6#inet#fw4#vpn_domains
nftset=/google.co.in/6#inet#fw4#vpn_domains
nftset=/.google.iq/6#inet#fw4#vpn_domains
nftset=/google.iq/6#inet#fw4#vpn_domains
nftset=/.google.is/6#inet#fw4#vpn_domains
nftset=/google.is/6#inet#fw4#vpn_domains
nftset=/.google.it/6#inet#fw4#vpn_domains
nftset=/google.it/6#inet#fw4#vpn_domains
nftset=/.google.je/6#inet#fw4#vpn_domains
nftset=/google.je/6#inet#fw4#vpn_domains
nftset=/.google.com.jm/6#inet#fw4#vpn_domains
nftset=/google.com.jm/6#inet#fw4#vpn_domains
nftset=/.google.jo/6#inet#fw4#vpn_domains
nftset=/google.jo/6#inet#fw4#vpn_domains
nftset=/.google.co.jp/6#inet#fw4#vpn_domains
nftset=/google.co.jp/6#inet#fw4#vpn_domains
nftset=/.google.co.ke/6#inet#fw4#vpn_domains
nftset=/google.co.ke/6#inet#fw4#vpn_domains
nftset=/.google.com.kh/6#inet#fw4#vpn_domains
nftset=/google.com.kh/6#inet#fw4#vpn_domains
nftset=/.google.ki/6#inet#fw4#vpn_domains
nftset=/google.ki/6#inet#fw4#vpn_domains
nftset=/.google.kg/6#inet#fw4#vpn_domains
nftset=/google.kg/6#inet#fw4#vpn_domains
nftset=/.google.co.kr/6#inet#fw4#vpn_domains
nftset=/google.co.kr/6#inet#fw4#vpn_domains
nftset=/.google.com.kw/6#inet#fw4#vpn_domains
nftset=/google.com.kw/6#inet#fw4#vpn_domains
nftset=/.google.kz/6#inet#fw4#vpn_domains
nftset=/google.kz/6#inet#fw4#vpn_domains
nftset=/.google.la/6#inet#fw4#vpn_domains
nftset=/google.la/6#inet#fw4#vpn_domains
nftset=/.google.com.lb/6#inet#fw4#vpn_domains
nftset=/google.com.lb/6#inet#fw4#vpn_domains
nftset=/.google.li/6#inet#fw4#vpn_domains
nftset=/google.li/6#inet#fw4#vpn_domains
nftset=/.google.lk/6#inet#fw4#vpn_domains
nftset=/google.lk/6#inet#fw4#vpn_domains
nftset=/.google.co.ls/6#inet#fw4#vpn_domains
nftset=/google.co.ls/6#inet#fw4#vpn_domains
nftset=/.google.lt/6#inet#fw4#vpn_domains
nftset=/google.lt/6#inet#fw4#vpn_domains
nftset=/.google.lu/6#inet#fw4#vpn_domains
nftset=/google.lu/6#inet#fw4#vpn_domains
nftset=/.google.lv/6#inet#fw4#vpn_domains
nftset=/google.lv/6#inet#fw4#vpn_domains
nftset=/.google.com.ly/6#inet#fw4#vpn_domains
nftset=/google.com.ly/6#inet#fw4#vpn_domains
nftset=/.google.co.ma/6#inet#fw4#vpn_domains
nftset=/google.co.ma/6#inet#fw4#vpn_domains
nftset=/.google.md/6#inet#fw4#vpn_domains
nftset=/google.md/6#inet#fw4#vpn_domains
nftset=/.google.me/6#inet#fw4#vpn_domains
nftset=/google.me/6#inet#fw4#vpn_domains
nftset=/.google.mg/6#inet#fw4#vpn_domains
nftset=/google.mg/6#inet#fw4#vpn_domains
nftset=/.google.mk/6#inet#fw4#vpn_domains
nftset=/google.mk/6#inet#fw4#vpn_domains
nftset=/.google.ml/6#inet#fw4#vpn_domains
nftset=/google.ml/6#inet#fw4#vpn_domains
nftset=/.google.com.mm/6#inet#fw4#vpn_domains
nftset=/google.com.mm/6#inet#fw4#vpn_domains
nftset=/.google.mn/6#inet#fw4#vpn_domains
nftset=/google.mn/6#inet#fw4#vpn_domains
nftset=/.google.com.mt/6#inet#fw4#vpn_domains
nftset=/google.com.mt/6#inet#fw4#vpn_domains
nftset=/.google.mu/6#inet#fw4#vpn_domains
nftset=/google.mu/6#inet#fw4#vpn_domains
nftset=/.google.mv/6#inet#fw4#vpn_domains
nftset=/google.mv/6#inet#fw4#vpn_domains
nftset=/.google.mw/6#inet#fw4#vpn_domains
nftset=/google.mw/6#inet#fw4#vpn_domains
nftset=/.google.com.mx/6#inet#fw4#vpn_domains
nftset=/google.com.mx/6#inet#fw4#vpn_domains
nftset=/.google.com.my/6#inet#fw4#vpn_domains
nftset=/google.com.my/6#inet#fw4#vpn_domains
nftset=/.google.co.mz/6#inet#fw4#vpn_domains
nftset=/google.co.mz/6#inet#fw4#vpn_domains
nftset=/.google.com.na/6#inet#fw4#vpn_domains
nftset=/google.com.na/6#inet#fw4#vpn_domains
nftset=/.google.com.ng/6#inet#fw4#vpn_domains
nftset=/google.com.ng/6#inet#fw4#vpn_domains
nftset=/.google.com.ni/6#inet#fw4#vpn_domains
nftset=/google.com.ni/6#inet#fw4#vpn_domains
nftset=/.google.ne/6#inet#fw4#vpn_domains
nftset=/google.ne/6#inet#fw4#vpn_domains
nftset=/.google.nl/6#inet#fw4#vpn_domains
nftset=/google.nl/6#inet#fw4#vpn_domains
nftset=/.google.no/6#inet#fw4#vpn_domains
nftset=/google.no/6#inet#fw4#vpn_domains
nftset=/.google.com.np/6#inet#fw4#vpn_domains
nftset=/google.com.np/6#inet#fw4#vpn_domains
nftset=/.google.nr/6#inet#fw4#vpn_domains
nftset=/google.nr/6#inet#fw4#vpn_domains
nftset=/.google.nu/6#inet#fw4#vpn_domains
nftset=/google.nu/6#inet#fw4#vpn_domains
nftset=/.google.co.nz/6#inet#fw4#vpn_domains
nftset=/google.co.nz/6#inet#fw4#vpn_domains
nftset=/.google.com.om/6#inet#fw4#vpn_domains
nftset=/google.com.om/6#inet#fw4#vpn_domains
nftset=/.google.com.pa/6#inet#fw4#vpn_domains
nftset=/google.com.pa/6#inet#fw4#vpn_domains
nftset=/.google.com.pe/6#inet#fw4#vpn_domains
nftset=/google.com.pe/6#inet#fw4#vpn_domains
nftset=/.google.com.pg/6#inet#fw4#vpn_domains
nftset=/google.com.pg/6#inet#fw4#vpn_domains
nftset=/.google.com.ph/6#inet#fw4#vpn_domains
nftset=/google.com.ph/6#inet#fw4#vpn_domains
nftset=/.google.com.pk/6#inet#fw4#vpn_domains
nftset=/google.com.pk/6#inet#fw4#vpn_domains
nftset=/.google.pl/6#inet#fw4#vpn_domains
nftset=/google.pl/6#inet#fw4#vpn_domains
nftset=/.google.pn/6#inet#fw4#vpn_domains
nftset=/google.pn/6#inet#fw4#vpn_domains
nftset=/.google.com.pr/6#inet#fw4#vpn_domains
nftset=/google.com.pr/6#inet#fw4#vpn_domains
nftset=/.google.ps/6#inet#fw4#vpn_domains
nftset=/google.ps/6#inet#fw4#vpn_domains
nftset=/.google.pt/6#inet#fw4#vpn_domains
nftset=/google.pt/6#inet#fw4#vpn_domains
nftset=/.google.com.py/6#inet#fw4#vpn_domains
nftset=/google.com.py/6#inet#fw4#vpn_domains
nftset=/.google.com.qa/6#inet#fw4#vpn_domains
nftset=/google.com.qa/6#inet#fw4#vpn_domains
nftset=/.google.ro/6#inet#fw4#vpn_domains
nftset=/google.ro/6#inet#fw4#vpn_domains
nftset=/.google.ru/6#inet#fw4#vpn_domains
nftset=/google.ru/6#inet#fw4#vpn_domains
nftset=/.google.rw/6#inet#fw4#vpn_domains
nftset=/google.rw/6#inet#fw4#vpn_domains
nftset=/.google.com.sa/6#inet#fw4#vpn_domains
nftset=/google.com.sa/6#inet#fw4#vpn_domains
nftset=/.google.com.sb/6#inet#fw4#vpn_domains
nftset=/google.com.sb/6#inet#fw4#vpn_domains
nftset=/.google.sc/6#inet#fw4#vpn_domains
nftset=/google.sc/6#inet#fw4#vpn_domains
nftset=/.google.se/6#inet#fw4#vpn_domains
nftset=/google.se/6#inet#fw4#vpn_domains
nftset=/.google.com.sg/6#inet#fw4#vpn_domains
nftset=/google.com.sg/6#inet#fw4#vpn_domains
nftset=/.google.sh/6#inet#fw4#vpn_domains
nftset=/google.sh/6#inet#fw4#vpn_domains
nftset=/.google.si/6#inet#fw4#vpn_domains
nftset=/google.si/6#inet#fw4#vpn_domains
nftset=/.google.sk/6#inet#fw4#vpn_domains
nftset=/google.sk/6#inet#fw4#vpn_domains
nftset=/.google.com.sl/6#inet#fw4#vpn_domains
nftset=/google.com.sl/6#inet#fw4#vpn_domains
nftset=/.google.sn/6#inet#fw4#vpn_domains
nftset=/google.sn/6#inet#fw4#vpn_domains
nftset=/.google.so/6#inet#fw4#vpn_domains
nftset=/google.so/6#inet#fw4#vpn_domains
nftset=/.google.sm/6#inet#fw4#vpn_domains
nftset=/google.sm/6#inet#fw4#vpn_domains
nftset=/.google.sr/6#inet#fw4#vpn_domains
nftset=/google.sr/6#inet#fw4#vpn_domains
nftset=/.google.st/6#inet#fw4#vpn_domains
nftset=/google.st/6#inet#fw4#vpn_domains
nftset=/.google.com.sv/6#inet#fw4#vpn_domains
nftset=/google.com.sv/6#inet#fw4#vpn_domains
nftset=/.google.td/6#inet#fw4#vpn_domains
nftset=/google.td/6#inet#fw4#vpn_domains
nftset=/.google.tg/6#inet#fw4#vpn_domains
nftset=/google.tg/6#inet#fw4#vpn_domains
nftset=/.google.co.th/6#inet#fw4#vpn_domains
nftset=/google.co.th/6#inet#fw4#vpn_domains
nftset=/.google.com.tj/6#inet#fw4#vpn_domains
nftset=/google.com.tj/6#inet#fw4#vpn_domains
nftset=/.google.tl/6#inet#fw4#vpn_domains
nftset=/google.tl/6#inet#fw4#vpn_domains
nftset=/.google.tm/6#inet#fw4#vpn_domains
nftset=/google.tm/6#inet#fw4#vpn_domains
nftset=/.google.tn/6#inet#fw4#vpn_domains
nftset=/google.tn/6#inet#fw4#vpn_domains
nftset=/.google.to/6#inet#fw4#vpn_domains
nftset=/google.to/6#inet#fw4#vpn_domains
nftset=/.google.com.tr/6#inet#fw4#vpn_domains
nftset=/google.com.tr/6#inet#fw4#vpn_domains
nftset=/.google.tt/6#inet#fw4#vpn_domains
nftset=/google.tt/6#inet#fw4#vpn_domains
nftset=/.google.com.tw/6#inet#fw4#vpn_domains
nftset=/google.com.tw/6#inet#fw4#vpn_domains
nftset=/.google.co.tz/6#inet#fw4#vpn_domains
nftset=/google.co.tz/6#inet#fw4#vpn_domains
nftset=/.google.com.ua/6#inet#fw4#vpn_domains
nftset=/google.com.ua/6#inet#fw4#vpn_domains
nftset=/.google.co.ug/6#inet#fw4#vpn_domains
nftset=/google.co.ug/6#inet#fw4#vpn_domains
nftset=/.google.co.uk/6#inet#fw4#vpn_domains
nftset=/google.co.uk/6#inet#fw4#vpn_domains
nftset=/.google.com.uy/6#inet#fw4#vpn_domains
nftset=/google.com.uy/6#inet#fw4#vpn_domains
nftset=/.google.co.uz/6#inet#fw4#vpn_domains
nftset=/google.co.uz/6#inet#fw4#vpn_domains
nftset=/.google.com.vc/6#inet#fw4#vpn_domains
nftset=/google.com.vc/6#inet#fw4#vpn_domains
nftset=/.google.co.ve/6#inet#fw4#vpn_domains
nftset=/google.co.ve/6#inet#fw4#vpn_domains
nftset=/.google.co.vi/6#inet#fw4#vpn_domains
nftset=/google.co.vi/6#inet#fw4#vpn_domains
nftset=/.google.com.vn/6#inet#fw4#vpn_domains
nftset=/google.com.vn/6#inet#fw4#vpn_domains
nftset=/.google.vu/6#inet#fw4#vpn_domains
nftset=/google.vu/6#inet#fw4#vpn_domains
nftset=/.google.ws/6#inet#fw4#vpn_domains
nftset=/google.ws/6#inet#fw4#vpn_domains
nftset=/.google.rs/6#inet#fw4#vpn_domains
nftset=/google.rs/6#inet#fw4#vpn_domains
nftset=/.google.co.za/6#inet#fw4#vpn_domains
nftset=/google.co.za/6#inet#fw4#vpn_domains
nftset=/.google.co.zm/6#inet#fw4#vpn_domains
nftset=/google.co.zm/6#inet#fw4#vpn_domains
nftset=/.google.co.zw/6#inet#fw4#vpn_domains
nftset=/google.co.zw/6#inet#fw4#vpn_domains
nftset=/.google.cat/6#inet#fw4#vpn_domains
nftset=/google.cat/6#inet#fw4#vpn_domains

# Google Core Services
nftset=/.1e100.net/6#inet#fw4#vpn_domains
nftset=/1e100.net/6#inet#fw4#vpn_domains
nftset=/.android.com/6#inet#fw4#vpn_domains
nftset=/android.com/6#inet#fw4#vpn_domains
nftset=/.appspot.com/6#inet#fw4#vpn_domains
nftset=/appspot.com/6#inet#fw4#vpn_domains
nftset=/.ggpht.com/6#inet#fw4#vpn_domains
nftset=/ggpht.com/6#inet#fw4#vpn_domains
nftset=/.gstatic.com/6#inet#fw4#vpn_domains
nftset=/gstatic.com/6#inet#fw4#vpn_domains
nftset=/.googleapis.com/6#inet#fw4#vpn_domains
nftset=/googleapis.com/6#inet#fw4#vpn_domains
nftset=/.googleusercontent.com/6#inet#fw4#vpn_domains
nftset=/googleusercontent.com/6#inet#fw4#vpn_domains
nftset=/.googlevideo.com/6#inet#fw4#vpn_domains
nftset=/googlevideo.com/6#inet#fw4#vpn_domains
nftset=/.gvt1.com/6#inet#fw4#vpn_domains
nftset=/gvt1.com/6#inet#fw4#vpn_domains
nftset=/.gvt2.com/6#inet#fw4#vpn_domains
nftset=/gvt2.com/6#inet#fw4#vpn_domains
nftset=/.gvt3.com/6#inet#fw4#vpn_domains
nftset=/gvt3.com/6#inet#fw4#vpn_domains
nftset=/.youtube.com/6#inet#fw4#vpn_domains
nftset=/youtube.com/6#inet#fw4#vpn_domains
nftset=/.ytimg.com/6#inet#fw4#vpn_domains
nftset=/ytimg.com/6#inet#fw4#vpn_domains
nftset=/.youtu.be/6#inet#fw4#vpn_domains
nftset=/youtu.be/6#inet#fw4#vpn_domains
nftset=/.youtube-nocookie.com/6#inet#fw4#vpn_domains
nftset=/youtube-nocookie.com/6#inet#fw4#vpn_domains
nftset=/.youtubekids.com/6#inet#fw4#vpn_domains
nftset=/youtubekids.com/6#inet#fw4#vpn_domains
nftset=/.withgoogle.com/6#inet#fw4#vpn_domains
nftset=/withgoogle.com/6#inet#fw4#vpn_domains
nftset=/.withyoutube.com/6#inet#fw4#vpn_domains
nftset=/withyoutube.com/6#inet#fw4#vpn_domains
nftset=/.gmail.com/6#inet#fw4#vpn_domains
nftset=/gmail.com/6#inet#fw4#vpn_domains
nftset=/.blogger.com/6#inet#fw4#vpn_domains
nftset=/blogger.com/6#inet#fw4#vpn_domains
nftset=/.blogspot.com/6#inet#fw4#vpn_domains
nftset=/blogspot.com/6#inet#fw4#vpn_domains
nftset=/.chrome.com/6#inet#fw4#vpn_domains
nftset=/chrome.com/6#inet#fw4#vpn_domains
nftset=/.chromium.org/6#inet#fw4#vpn_domains
nftset=/chromium.org/6#inet#fw4#vpn_domains
nftset=/.firebaseio.com/6#inet#fw4#vpn_domains
nftset=/firebaseio.com/6#inet#fw4#vpn_domains
nftset=/.crashlytics.com/6#inet#fw4#vpn_domains
nftset=/crashlytics.com/6#inet#fw4#vpn_domains
nftset=/.goo.gle/6#inet#fw4#vpn_domains
nftset=/goo.gle/6#inet#fw4#vpn_domains
nftset=/.goo.gl/6#inet#fw4#vpn_domains
nftset=/goo.gl/6#inet#fw4#vpn_domains
nftset=/.g.co/6#inet#fw4#vpn_domains
nftset=/g.co/6#inet#fw4#vpn_domains
nftset=/.abc.xyz/6#inet#fw4#vpn_domains
nftset=/abc.xyz/6#inet#fw4#vpn_domains
nftset=/.googleblog.com/6#inet#fw4#vpn_domains
nftset=/googleblog.com/6#inet#fw4#vpn_domains
nftset=/.deepmind.com/6#inet#fw4#vpn_domains
nftset=/deepmind.com/6#inet#fw4#vpn_domains
nftset=/.deepmind.google/6#inet#fw4#vpn_domains
nftset=/deepmind.google/6#inet#fw4#vpn_domains
nftset=/.gemini.google/6#inet#fw4#vpn_domains
nftset=/gemini.google/6#inet#fw4#vpn_domains
nftset=/.ai.google/6#inet#fw4#vpn_domains
nftset=/ai.google/6#inet#fw4#vpn_domains
nftset=/.widevine.com/6#inet#fw4#vpn_domains
nftset=/widevine.com/6#inet#fw4#vpn_domains
nftset=/.doubleclick.com/6#inet#fw4#vpn_domains
nftset=/doubleclick.com/6#inet#fw4#vpn_domains
nftset=/.doubleclick.net/6#inet#fw4#vpn_domains
nftset=/doubleclick.net/6#inet#fw4#vpn_domains
nftset=/.google-analytics.com/6#inet#fw4#vpn_domains
nftset=/google-analytics.com/6#inet#fw4#vpn_domains
nftset=/.googleadservices.com/6#inet#fw4#vpn_domains
nftset=/googleadservices.com/6#inet#fw4#vpn_domains
nftset=/.googlesyndication.com/6#inet#fw4#vpn_domains
nftset=/googlesyndication.com/6#inet#fw4#vpn_domains
nftset=/.googletagmanager.com/6#inet#fw4#vpn_domains
nftset=/googletagmanager.com/6#inet#fw4#vpn_domains

# Google DoH/DNS
nftset=/.dns.google/6#inet#fw4#vpn_domains
nftset=/dns.google/6#inet#fw4#vpn_domains
nftset=/.dns.google.com/6#inet#fw4#vpn_domains
nftset=/dns.google.com/6#inet#fw4#vpn_domains
nftset=/.dns64.dns.google/6#inet#fw4#vpn_domains
nftset=/dns64.dns.google/6#inet#fw4#vpn_domains

# Cloudflare DoH
nftset=/.cloudflare-dns.com/6#inet#fw4#vpn_domains
nftset=/cloudflare-dns.com/6#inet#fw4#vpn_domains
nftset=/.one.one.one.one/6#inet#fw4#vpn_domains
nftset=/one.one.one.one/6#inet#fw4#vpn_domains

# IP Check/Test Domains
nftset=/.browserleaks.com/6#inet#fw4#vpn_domains
nftset=/browserleaks.com/6#inet#fw4#vpn_domains
nftset=/.ipinfo.io/6#inet#fw4#vpn_domains
nftset=/ipinfo.io/6#inet#fw4#vpn_domains
nftset=/.ifconfig.me/6#inet#fw4#vpn_domains
nftset=/ifconfig.me/6#inet#fw4#vpn_domains
nftset=/.ifconfig.co/6#inet#fw4#vpn_domains
nftset=/ifconfig.co/6#inet#fw4#vpn_domains
nftset=/.ipify.org/6#inet#fw4#vpn_domains
nftset=/ipify.org/6#inet#fw4#vpn_domains
nftset=/.whatismyipaddress.com/6#inet#fw4#vpn_domains
nftset=/whatismyipaddress.com/6#inet#fw4#vpn_domains
nftset=/.ipleak.net/6#inet#fw4#vpn_domains
nftset=/ipleak.net/6#inet#fw4#vpn_domains
