nftset=/.linkedin.com/6#inet#fw4#vpn_domains
nftset=/linkedin.com/6#inet#fw4#vpn_domains
nftset=/.licdn.com/6#inet#fw4#vpn_domains
nftset=/licdn.com/6#inet#fw4#vpn_domains
nftset=/media.licdn.com/6#inet#fw4#vpn_domains
nftset=/.media.licdn.com/6#inet#fw4#vpn_domains
nftset=/static.licdn.com/6#inet#fw4#vpn_domains
nftset=/.static.licdn.com/6#inet#fw4#vpn_domains
nftset=/media-exp1.licdn.com/6#inet#fw4#vpn_domains
nftset=/.media-exp1.licdn.com/6#inet#fw4#vpn_domains
nftset=/static-exp1.licdn.com/6#inet#fw4#vpn_domains
nftset=/.static-exp1.licdn.com/6#inet#fw4#vpn_domains
nftset=/dms.licdn.com/6#inet#fw4#vpn_domains
nftset=/.dms.licdn.com/6#inet#fw4#vpn_domains
nftset=/snap.licdn.com/6#inet#fw4#vpn_domains
nftset=/.snap.licdn.com/6#inet#fw4#vpn_domains
nftset=/.lnkd.in/6#inet#fw4#vpn_domains
nftset=/lnkd.in/6#inet#fw4#vpn_domains
nftset=/.slideshare.net/6#inet#fw4#vpn_domains
nftset=/slideshare.net/6#inet#fw4#vpn_domains
nftset=/.lynda.com/6#inet#fw4#vpn_domains
nftset=/lynda.com/6#inet#fw4#vpn_domains
nftset=/.linkedin.cn/6#inet#fw4#vpn_domains
nftset=/linkedin.cn/6#inet#fw4#vpn_domains
nftset=/.licdn.cn/6#inet#fw4#vpn_domains
nftset=/licdn.cn/6#inet#fw4#vpn_domains
nftset=/.bizographics.com/6#inet#fw4#vpn_domains
nftset=/bizographics.com/6#inet#fw4#vpn_domains
nftset=/.oribi.io/6#inet#fw4#vpn_domains
nftset=/oribi.io/6#inet#fw4#vpn_domains
