nftset=/.netflix.com/6#inet#fw4#vpn_domains
nftset=/netflix.com/6#inet#fw4#vpn_domains
nftset=/.netflix.net/6#inet#fw4#vpn_domains
nftset=/netflix.net/6#inet#fw4#vpn_domains
nftset=/.nflxvideo.net/6#inet#fw4#vpn_domains
nftset=/nflxvideo.net/6#inet#fw4#vpn_domains
nftset=/.nflxvideo.com/6#inet#fw4#vpn_domains
nftset=/nflxvideo.com/6#inet#fw4#vpn_domains
nftset=/.nflximg.net/6#inet#fw4#vpn_domains
nftset=/nflximg.net/6#inet#fw4#vpn_domains
nftset=/.nflximg.com/6#inet#fw4#vpn_domains
nftset=/nflximg.com/6#inet#fw4#vpn_domains
nftset=/.nflxext.com/6#inet#fw4#vpn_domains
nftset=/nflxext.com/6#inet#fw4#vpn_domains
nftset=/.nflxso.net/6#inet#fw4#vpn_domains
nftset=/nflxso.net/6#inet#fw4#vpn_domains
nftset=/.nflxsearch.net/6#inet#fw4#vpn_domains
nftset=/nflxsearch.net/6#inet#fw4#vpn_domains
nftset=/netflix.ca/6#inet#fw4#vpn_domains
nftset=/.netflix.ca/6#inet#fw4#vpn_domains
nftset=/netflix.co.uk/6#inet#fw4#vpn_domains
nftset=/.netflix.co.uk/6#inet#fw4#vpn_domains
nftset=/netflix.com.au/6#inet#fw4#vpn_domains
nftset=/.netflix.com.au/6#inet#fw4#vpn_domains
nftset=/netflix.com.br/6#inet#fw4#vpn_domains
nftset=/.netflix.com.br/6#inet#fw4#vpn_domains
nftset=/netflix.com.mx/6#inet#fw4#vpn_domains
nftset=/.netflix.com.mx/6#inet#fw4#vpn_domains
nftset=/netflix.de/6#inet#fw4#vpn_domains
nftset=/.netflix.de/6#inet#fw4#vpn_domains
nftset=/netflix.dk/6#inet#fw4#vpn_domains
nftset=/.netflix.dk/6#inet#fw4#vpn_domains
nftset=/netflix.es/6#inet#fw4#vpn_domains
nftset=/.netflix.es/6#inet#fw4#vpn_domains
nftset=/netflix.fi/6#inet#fw4#vpn_domains
nftset=/.netflix.fi/6#inet#fw4#vpn_domains
nftset=/netflix.fr/6#inet#fw4#vpn_domains
nftset=/.netflix.fr/6#inet#fw4#vpn_domains
nftset=/netflix.in/6#inet#fw4#vpn_domains
nftset=/.netflix.in/6#inet#fw4#vpn_domains
nftset=/netflix.it/6#inet#fw4#vpn_domains
nftset=/.netflix.it/6#inet#fw4#vpn_domains
nftset=/netflix.jp/6#inet#fw4#vpn_domains
nftset=/.netflix.jp/6#inet#fw4#vpn_domains
nftset=/netflix.kr/6#inet#fw4#vpn_domains
nftset=/.netflix.kr/6#inet#fw4#vpn_domains
nftset=/netflix.nl/6#inet#fw4#vpn_domains
nftset=/.netflix.nl/6#inet#fw4#vpn_domains
nftset=/netflix.no/6#inet#fw4#vpn_domains
nftset=/.netflix.no/6#inet#fw4#vpn_domains
nftset=/netflix.pl/6#inet#fw4#vpn_domains
nftset=/.netflix.pl/6#inet#fw4#vpn_domains
nftset=/netflix.se/6#inet#fw4#vpn_domains
nftset=/.netflix.se/6#inet#fw4#vpn_domains
nftset=/netflixinvestor.com/6#inet#fw4#vpn_domains
nftset=/.netflixinvestor.com/6#inet#fw4#vpn_domains
nftset=/netflixstudios.com/6#inet#fw4#vpn_domains
nftset=/.netflixstudios.com/6#inet#fw4#vpn_domains
nftset=/netflixstudios.net/6#inet#fw4#vpn_domains
nftset=/.netflixstudios.net/6#inet#fw4#vpn_domains
nftset=/netflixstudios.org/6#inet#fw4#vpn_domains
nftset=/.netflixstudios.org/6#inet#fw4#vpn_domains
nftset=/netflixstudios.tv/6#inet#fw4#vpn_domains
nftset=/.netflixstudios.tv/6#inet#fw4#vpn_domains
nftset=/netflixtechblog.com/6#inet#fw4#vpn_domains
nftset=/.netflixtechblog.com/6#inet#fw4#vpn_domains
