nftset=/.twitter.com/6#inet#fw4#vpn_domains
nftset=/twitter.com/6#inet#fw4#vpn_domains
nftset=/.x.com/6#inet#fw4#vpn_domains
nftset=/x.com/6#inet#fw4#vpn_domains
nftset=/.t.co/6#inet#fw4#vpn_domains
nftset=/t.co/6#inet#fw4#vpn_domains
nftset=/.twimg.com/6#inet#fw4#vpn_domains
nftset=/twimg.com/6#inet#fw4#vpn_domains
nftset=/pbs.twimg.com/6#inet#fw4#vpn_domains
nftset=/.pbs.twimg.com/6#inet#fw4#vpn_domains
nftset=/video.twimg.com/6#inet#fw4#vpn_domains
nftset=/.video.twimg.com/6#inet#fw4#vpn_domains
nftset=/abs.twimg.com/6#inet#fw4#vpn_domains
nftset=/.abs.twimg.com/6#inet#fw4#vpn_domains
nftset=/ton.twimg.com/6#inet#fw4#vpn_domains
nftset=/.ton.twimg.com/6#inet#fw4#vpn_domains
nftset=/cdn.syndication.twimg.com/6#inet#fw4#vpn_domains
nftset=/.cdn.syndication.twimg.com/6#inet#fw4#vpn_domains
nftset=/.twttr.com/6#inet#fw4#vpn_domains
nftset=/twttr.com/6#inet#fw4#vpn_domains
nftset=/.twitter.co/6#inet#fw4#vpn_domains
nftset=/twitter.co/6#inet#fw4#vpn_domains
nftset=/.twitterinc.com/6#inet#fw4#vpn_domains
nftset=/twitterinc.com/6#inet#fw4#vpn_domains
nftset=/.twitteroauth.com/6#inet#fw4#vpn_domains
nftset=/twitteroauth.com/6#inet#fw4#vpn_domains
nftset=/.twitterstat.us/6#inet#fw4#vpn_domains
nftset=/twitterstat.us/6#inet#fw4#vpn_domains
nftset=/.twtrdns.net/6#inet#fw4#vpn_domains
nftset=/twtrdns.net/6#inet#fw4#vpn_domains
nftset=/.ads-twitter.com/6#inet#fw4#vpn_domains
nftset=/ads-twitter.com/6#inet#fw4#vpn_domains
nftset=/.pscp.tv/6#inet#fw4#vpn_domains
nftset=/pscp.tv/6#inet#fw4#vpn_domains
nftset=/.periscope.tv/6#inet#fw4#vpn_domains
nftset=/periscope.tv/6#inet#fw4#vpn_domains
nftset=/.tweetdeck.com/6#inet#fw4#vpn_domains
nftset=/tweetdeck.com/6#inet#fw4#vpn_domains
nftset=/vine.co/6#inet#fw4#vpn_domains
nftset=/.vine.co/6#inet#fw4#vpn_domains
nftset=/.cms-twdigitalassets.com/6#inet#fw4#vpn_domains
nftset=/cms-twdigitalassets.com/6#inet#fw4#vpn_domains
nftset=/.x.ai/6#inet#fw4#vpn_domains
nftset=/x.ai/6#inet#fw4#vpn_domains
nftset=/.grok.com/6#inet#fw4#vpn_domains
nftset=/grok.com/6#inet#fw4#vpn_domains
nftset=/.ai.com/6#inet#fw4#vpn_domains
nftset=/ai.com/6#inet#fw4#vpn_domains
