nftset=/.1e100.net/4#inet#fw4#vpn_domains
nftset=/1e100.net/4#inet#fw4#vpn_domains
nftset=/.android.com/4#inet#fw4#vpn_domains
nftset=/android.com/4#inet#fw4#vpn_domains
nftset=/.appspot.com/4#inet#fw4#vpn_domains
nftset=/appspot.com/4#inet#fw4#vpn_domains
nftset=/.doubleclick.com/4#inet#fw4#vpn_domains
nftset=/doubleclick.com/4#inet#fw4#vpn_domains
nftset=/.doubleclick.net/4#inet#fw4#vpn_domains
nftset=/doubleclick.net/4#inet#fw4#vpn_domains
nftset=/g.co/4#inet#fw4#vpn_domains
nftset=/goo.gl/4#inet#fw4#vpn_domains
nftset=/.ggpht.com/4#inet#fw4#vpn_domains
nftset=/ggpht.com/4#inet#fw4#vpn_domains
nftset=/.gstatic.com/4#inet#fw4#vpn_domains
nftset=/gstatic.com/4#inet#fw4#vpn_domains
nftset=/.google-analytics.com/4#inet#fw4#vpn_domains
nftset=/google-analytics.com/4#inet#fw4#vpn_domains
nftset=/.google.com/4#inet#fw4#vpn_domains
nftset=/google.com/4#inet#fw4#vpn_domains
nftset=/antigravity.google.com/4#inet#fw4#vpn_domains
nftset=/.google.cn/4#inet#fw4#vpn_domains
nftset=/google.cn/4#inet#fw4#vpn_domains
nftset=/.googleapis.cn/4#inet#fw4#vpn_domains
nftset=/googleapis.cn/4#inet#fw4#vpn_domains
nftset=/.gstatic.cn/4#inet#fw4#vpn_domains
nftset=/gstatic.cn/4#inet#fw4#vpn_domains
nftset=/.googleadservices.com/4#inet#fw4#vpn_domains
nftset=/googleadservices.com/4#inet#fw4#vpn_domains
nftset=/.googlesyndication.com/4#inet#fw4#vpn_domains
nftset=/googlesyndication.com/4#inet#fw4#vpn_domains
nftset=/.googletagmanager.com/4#inet#fw4#vpn_domains
nftset=/googletagmanager.com/4#inet#fw4#vpn_domains
nftset=/.googletagservices.com/4#inet#fw4#vpn_domains
nftset=/googletagservices.com/4#inet#fw4#vpn_domains
nftset=/.googlesource.com/4#inet#fw4#vpn_domains
nftset=/googlesource.com/4#inet#fw4#vpn_domains
nftset=/.googlezip.net/4#inet#fw4#vpn_domains
nftset=/googlezip.net/4#inet#fw4#vpn_domains
nftset=/.googleweblight.com/4#inet#fw4#vpn_domains
nftset=/googleweblight.com/4#inet#fw4#vpn_domains
nftset=/.googleapis.com/4#inet#fw4#vpn_domains
nftset=/googleapis.com/4#inet#fw4#vpn_domains
nftset=/.googlecommerce.com/4#inet#fw4#vpn_domains
nftset=/googlecommerce.com/4#inet#fw4#vpn_domains
nftset=/.googlemail.com/4#inet#fw4#vpn_domains
nftset=/googlemail.com/4#inet#fw4#vpn_domains
nftset=/.googleoptimize.com/4#inet#fw4#vpn_domains
nftset=/googleoptimize.com/4#inet#fw4#vpn_domains
nftset=/.googletraveladservices.com/4#inet#fw4#vpn_domains
nftset=/googletraveladservices.com/4#inet#fw4#vpn_domains
nftset=/.googleusercontent.com/4#inet#fw4#vpn_domains
nftset=/googleusercontent.com/4#inet#fw4#vpn_domains
nftset=/.googleusercontent.cn/4#inet#fw4#vpn_domains
nftset=/googleusercontent.cn/4#inet#fw4#vpn_domains
nftset=/.googlevideo.com/4#inet#fw4#vpn_domains
nftset=/googlevideo.com/4#inet#fw4#vpn_domains
nftset=/.gvt1.com/4#inet#fw4#vpn_domains
nftset=/gvt1.com/4#inet#fw4#vpn_domains
nftset=/.gvt2.com/4#inet#fw4#vpn_domains
nftset=/gvt2.com/4#inet#fw4#vpn_domains
nftset=/.gvt3.com/4#inet#fw4#vpn_domains
nftset=/gvt3.com/4#inet#fw4#vpn_domains
nftset=/.gvt0.com/4#inet#fw4#vpn_domains
nftset=/gvt0.com/4#inet#fw4#vpn_domains
nftset=/.gvt4.com/4#inet#fw4#vpn_domains
nftset=/gvt4.com/4#inet#fw4#vpn_domains
nftset=/.gvt5.com/4#inet#fw4#vpn_domains
nftset=/gvt5.com/4#inet#fw4#vpn_domains
nftset=/.gvt6.com/4#inet#fw4#vpn_domains
nftset=/gvt6.com/4#inet#fw4#vpn_domains
nftset=/.gvt7.com/4#inet#fw4#vpn_domains
nftset=/gvt7.com/4#inet#fw4#vpn_domains
nftset=/.gvt9.com/4#inet#fw4#vpn_domains
nftset=/gvt9.com/4#inet#fw4#vpn_domains
nftset=/.gvt8.com/4#inet#fw4#vpn_domains
nftset=/gvt8.com/4#inet#fw4#vpn_domains
nftset=/.withgoogle.com/4#inet#fw4#vpn_domains
nftset=/withgoogle.com/4#inet#fw4#vpn_domains
nftset=/.withyoutube.com/4#inet#fw4#vpn_domains
nftset=/withyoutube.com/4#inet#fw4#vpn_domains
nftset=/.widevine.com/4#inet#fw4#vpn_domains
nftset=/widevine.com/4#inet#fw4#vpn_domains
nftset=/.youtube-nocookie.com/4#inet#fw4#vpn_domains
nftset=/youtube-nocookie.com/4#inet#fw4#vpn_domains
nftset=/.youtube.com/4#inet#fw4#vpn_domains
nftset=/youtube.com/4#inet#fw4#vpn_domains
nftset=/.ytimg.com/4#inet#fw4#vpn_domains
nftset=/ytimg.com/4#inet#fw4#vpn_domains
nftset=/.youtu.be/4#inet#fw4#vpn_domains
nftset=/youtu.be/4#inet#fw4#vpn_domains
