nftset=/.netflix.com/4#inet#fw4#vpn_domains
nftset=/netflix.com/4#inet#fw4#vpn_domains
nftset=/.netflix.net/4#inet#fw4#vpn_domains
nftset=/netflix.net/4#inet#fw4#vpn_domains
nftset=/.nflxvideo.net/4#inet#fw4#vpn_domains
nftset=/nflxvideo.net/4#inet#fw4#vpn_domains
nftset=/.nflxvideo.com/4#inet#fw4#vpn_domains
nftset=/nflxvideo.com/4#inet#fw4#vpn_domains
nftset=/.nflximg.net/4#inet#fw4#vpn_domains
nftset=/nflximg.net/4#inet#fw4#vpn_domains
nftset=/.nflximg.com/4#inet#fw4#vpn_domains
nftset=/nflximg.com/4#inet#fw4#vpn_domains
nftset=/.nflxext.com/4#inet#fw4#vpn_domains
nftset=/nflxext.com/4#inet#fw4#vpn_domains
nftset=/.nflxso.net/4#inet#fw4#vpn_domains
nftset=/nflxso.net/4#inet#fw4#vpn_domains
nftset=/.nflxsearch.net/4#inet#fw4#vpn_domains
nftset=/nflxsearch.net/4#inet#fw4#vpn_domains
nftset=/netflix.ca/4#inet#fw4#vpn_domains
nftset=/netflix.co.uk/4#inet#fw4#vpn_domains
nftset=/netflix.com.au/4#inet#fw4#vpn_domains
nftset=/netflix.com.br/4#inet#fw4#vpn_domains
nftset=/netflix.com.mx/4#inet#fw4#vpn_domains
nftset=/netflix.de/4#inet#fw4#vpn_domains
nftset=/netflix.dk/4#inet#fw4#vpn_domains
nftset=/netflix.es/4#inet#fw4#vpn_domains
nftset=/netflix.fi/4#inet#fw4#vpn_domains
nftset=/netflix.fr/4#inet#fw4#vpn_domains
nftset=/netflix.in/4#inet#fw4#vpn_domains
nftset=/netflix.it/4#inet#fw4#vpn_domains
nftset=/netflix.jp/4#inet#fw4#vpn_domains
nftset=/netflix.kr/4#inet#fw4#vpn_domains
nftset=/netflix.nl/4#inet#fw4#vpn_domains
nftset=/netflix.no/4#inet#fw4#vpn_domains
nftset=/netflix.pl/4#inet#fw4#vpn_domains
nftset=/netflix.se/4#inet#fw4#vpn_domains
nftset=/netflixinvestor.com/4#inet#fw4#vpn_domains
nftset=/netflixstudios.com/4#inet#fw4#vpn_domains
nftset=/netflixstudios.net/4#inet#fw4#vpn_domains
nftset=/netflixstudios.org/4#inet#fw4#vpn_domains
nftset=/netflixstudios.tv/4#inet#fw4#vpn_domains
nftset=/netflixtechblog.com/4#inet#fw4#vpn_domains
