nftset=/github.com/4#inet#fw4#vpn_domains
nftset=/api.github.com/4#inet#fw4#vpn_domains
nftset=/collector.github.com/4#inet#fw4#vpn_domains
nftset=/copilot.github.com/4#inet#fw4#vpn_domains
nftset=/copilot-proxy.githubusercontent.com/4#inet#fw4#vpn_domains
nftset=/origin-tracker.githubusercontent.com/4#inet#fw4#vpn_domains
nftset=/copilot-telemetry.githubusercontent.com/4#inet#fw4#vpn_domains
nftset=/githubcopilot.com/4#inet#fw4#vpn_domains
nftset=/api.githubcopilot.com/4#inet#fw4#vpn_domains
nftset=/individual.githubcopilot.com/4#inet#fw4#vpn_domains
nftset=/business.githubcopilot.com/4#inet#fw4#vpn_domains
nftset=/enterprise.githubcopilot.com/4#inet#fw4#vpn_domains
nftset=/ghe.com/4#inet#fw4#vpn_domains
nftset=/raw.githubusercontent.com/4#inet#fw4#vpn_domains
nftset=/user-images.githubusercontent.com/4#inet#fw4#vpn_domains
nftset=/avatars.githubusercontent.com/4#inet#fw4#vpn_domains
nftset=/camo.githubusercontent.com/4#inet#fw4#vpn_domains
nftset=/gist.githubusercontent.com/4#inet#fw4#vpn_domains
nftset=/uploads.github.com/4#inet#fw4#vpn_domains
nftset=/objects.githubusercontent.com/4#inet#fw4#vpn_domains
nftset=/central.github.com/4#inet#fw4#vpn_domains
nftset=/actions.githubusercontent.com/4#inet#fw4#vpn_domains
nftset=/packages.githubusercontent.com/4#inet#fw4#vpn_domains
nftset=/packages.github.com/4#inet#fw4#vpn_domains
nftset=/assets.github.com/4#inet#fw4#vpn_domains
nftset=/githubassets.com/4#inet#fw4#vpn_domains
nftset=/cs.github.com/4#inet#fw4#vpn_domains
nftset=/copilot-status.github.com/4#inet#fw4#vpn_domains
nftset=/copilot-billing.github.com/4#inet#fw4#vpn_domains
nftset=/copilot-uploads.githubusercontent.com/4#inet#fw4#vpn_domains
nftset=/vscode-copilot.github.com/4#inet#fw4#vpn_domains
nftset=/desktop.github.com/4#inet#fw4#vpn_domains
nftset=/services.github.com/4#inet#fw4#vpn_domains
nftset=/githubusercontent.com/4#inet#fw4#vpn_domains
nftset=/github.io/4#inet#fw4#vpn_domains
