nftset=/datadoghq.com/4#inet#fw4#vpn_domains
nftset=/app.datadoghq.com/4#inet#fw4#vpn_domains
nftset=/api.datadoghq.com/4#inet#fw4#vpn_domains
nftset=/logs.datadoghq.com/4#inet#fw4#vpn_domains
nftset=/metrics.datadoghq.com/4#inet#fw4#vpn_domains
nftset=/trace.agent.datadoghq.com/4#inet#fw4#vpn_domains
nftset=/process.datadoghq.com/4#inet#fw4#vpn_domains
nftset=/rum.datadoghq.com/4#inet#fw4#vpn_domains
nftset=/synthetics.datadoghq.com/4#inet#fw4#vpn_domains
nftset=/security-monitoring.datadoghq.com/4#inet#fw4#vpn_domains
nftset=/incident-management.datadoghq.com/4#inet#fw4#vpn_domains
nftset=/case-management.datadoghq.com/4#inet#fw4#vpn_domains
nftset=/tags.datadoghq.com/4#inet#fw4#vpn_domains
nftset=/tags.trial.datadoghq.com/4#inet#fw4#vpn_domains
nftset=/tags.us.datadoghq.com/4#inet#fw4#vpn_domains
nftset=/tags.eu.datadoghq.com/4#inet#fw4#vpn_domains
nftset=/tags.ap1.datadoghq.com/4#inet#fw4#vpn_domains
nftset=/tags.us3.datadoghq.com/4#inet#fw4#vpn_domains
nftset=/tags.us5.datadoghq.com/4#inet#fw4#vpn_domains
nftset=/tags.gov.datadoghq.com/4#inet#fw4#vpn_domains