nftset=/figma.com/4#inet#fw4#vpn_domains
nftset=/www.figma.com/4#inet#fw4#vpn_domains
nftset=/api.figma.com/4#inet#fw4#vpn_domains
nftset=/plugin.figma.com/4#inet#fw4#vpn_domains
nftset=/plugin-api.figma.com/4#inet#fw4#vpn_domains
nftset=/static.figma.com/4#inet#fw4#vpn_domains
nftset=/assets.figma.com/4#inet#fw4#vpn_domains
nftset=/uploads.figma.com/4#inet#fw4#vpn_domains
nftset=/figmausercontent.com/4#inet#fw4#vpn_domains
nftset=/cdn.figma.com/4#inet#fw4#vpn_domains
nftset=/assets.figmausercontent.com/4#inet#fw4#vpn_domains
nftset=/s3.amazonaws.com/4#inet#fw4#vpn_domains
nftset=/amazonaws.com/4#inet#fw4#vpn_domains
nftset=/cloudfront.net/4#inet#fw4#vpn_domains
nftset=/cloudflare.com/4#inet#fw4#vpn_domains
nftset=/cdn.cloudflare.net/4#inet#fw4#vpn_domains
nftset=/segment.com/4#inet#fw4#vpn_domains
nftset=/cdn.segment.com/4#inet#fw4#vpn_domains
nftset=/amplitude.com/4#inet#fw4#vpn_domains
nftset=/mixpanel.com/4#inet#fw4#vpn_domains
nftset=/sentry.io/4#inet#fw4#vpn_domains
nftset=/browser.sentry-cdn.com/4#inet#fw4#vpn_domains
nftset=/intercom.io/4#inet#fw4#vpn_domains
nftset=/intercomcdn.com/4#inet#fw4#vpn_domains
nftset=/hotjar.com/4#inet#fw4#vpn_domains
nftset=/auth.figma.com/4#inet#fw4#vpn_domains
nftset=/login.figma.com/4#inet#fw4#vpn_domains
nftset=/stripe.com/4#inet#fw4#vpn_domains
nftset=/api.stripe.com/4#inet#fw4#vpn_domains
nftset=/checkout.stripe.com/4#inet#fw4#vpn_domains
nftset=/paypal.com/4#inet#fw4#vpn_domains
nftset=/developers.figma.com/4#inet#fw4#vpn_domains
nftset=/plugins.figma.com/4#inet#fw4#vpn_domains
nftset=/www.figma.com/plugin/4#inet#fw4#vpn_domains
nftset=/cdn.jsdelivr.net/4#inet#fw4#vpn_domains
nftset=/cdnjs.cloudflare.com/4#inet#fw4#vpn_domains
nftset=/linkedin.com/4#inet#fw4#vpn_domains
