# Google Regional Domains (all 195 from google.com/supported_domains)
nftset=/.google.com/4#inet#fw4#vpn_domains
nftset=/google.com/4#inet#fw4#vpn_domains
nftset=/.google.ad/4#inet#fw4#vpn_domains
nftset=/google.ad/4#inet#fw4#vpn_domains
nftset=/.google.ae/4#inet#fw4#vpn_domains
nftset=/google.ae/4#inet#fw4#vpn_domains
nftset=/.google.com.af/4#inet#fw4#vpn_domains
nftset=/google.com.af/4#inet#fw4#vpn_domains
nftset=/.google.com.ag/4#inet#fw4#vpn_domains
nftset=/google.com.ag/4#inet#fw4#vpn_domains
nftset=/.google.al/4#inet#fw4#vpn_domains
nftset=/google.al/4#inet#fw4#vpn_domains
nftset=/.google.am/4#inet#fw4#vpn_domains
nftset=/google.am/4#inet#fw4#vpn_domains
nftset=/.google.co.ao/4#inet#fw4#vpn_domains
nftset=/google.co.ao/4#inet#fw4#vpn_domains
nftset=/.google.com.ar/4#inet#fw4#vpn_domains
nftset=/google.com.ar/4#inet#fw4#vpn_domains
nftset=/.google.as/4#inet#fw4#vpn_domains
nftset=/google.as/4#inet#fw4#vpn_domains
nftset=/.google.at/4#inet#fw4#vpn_domains
nftset=/google.at/4#inet#fw4#vpn_domains
nftset=/.google.com.au/4#inet#fw4#vpn_domains
nftset=/google.com.au/4#inet#fw4#vpn_domains
nftset=/.google.az/4#inet#fw4#vpn_domains
nftset=/google.az/4#inet#fw4#vpn_domains
nftset=/.google.ba/4#inet#fw4#vpn_domains
nftset=/google.ba/4#inet#fw4#vpn_domains
nftset=/.google.com.bd/4#inet#fw4#vpn_domains
nftset=/google.com.bd/4#inet#fw4#vpn_domains
nftset=/.google.be/4#inet#fw4#vpn_domains
nftset=/google.be/4#inet#fw4#vpn_domains
nftset=/.google.bf/4#inet#fw4#vpn_domains
nftset=/google.bf/4#inet#fw4#vpn_domains
nftset=/.google.bg/4#inet#fw4#vpn_domains
nftset=/google.bg/4#inet#fw4#vpn_domains
nftset=/.google.com.bh/4#inet#fw4#vpn_domains
nftset=/google.com.bh/4#inet#fw4#vpn_domains
nftset=/.google.bi/4#inet#fw4#vpn_domains
nftset=/google.bi/4#inet#fw4#vpn_domains
nftset=/.google.bj/4#inet#fw4#vpn_domains
nftset=/google.bj/4#inet#fw4#vpn_domains
nftset=/.google.com.bn/4#inet#fw4#vpn_domains
nftset=/google.com.bn/4#inet#fw4#vpn_domains
nftset=/.google.com.bo/4#inet#fw4#vpn_domains
nftset=/google.com.bo/4#inet#fw4#vpn_domains
nftset=/.google.com.br/4#inet#fw4#vpn_domains
nftset=/google.com.br/4#inet#fw4#vpn_domains
nftset=/.google.bs/4#inet#fw4#vpn_domains
nftset=/google.bs/4#inet#fw4#vpn_domains
nftset=/.google.bt/4#inet#fw4#vpn_domains
nftset=/google.bt/4#inet#fw4#vpn_domains
nftset=/.google.co.bw/4#inet#fw4#vpn_domains
nftset=/google.co.bw/4#inet#fw4#vpn_domains
nftset=/.google.by/4#inet#fw4#vpn_domains
nftset=/google.by/4#inet#fw4#vpn_domains
nftset=/.google.com.bz/4#inet#fw4#vpn_domains
nftset=/google.com.bz/4#inet#fw4#vpn_domains
nftset=/.google.ca/4#inet#fw4#vpn_domains
nftset=/google.ca/4#inet#fw4#vpn_domains
nftset=/.google.cd/4#inet#fw4#vpn_domains
nftset=/google.cd/4#inet#fw4#vpn_domains
nftset=/.google.cf/4#inet#fw4#vpn_domains
nftset=/google.cf/4#inet#fw4#vpn_domains
nftset=/.google.cg/4#inet#fw4#vpn_domains
nftset=/google.cg/4#inet#fw4#vpn_domains
nftset=/.google.ch/4#inet#fw4#vpn_domains
nftset=/google.ch/4#inet#fw4#vpn_domains
nftset=/.google.ci/4#inet#fw4#vpn_domains
nftset=/google.ci/4#inet#fw4#vpn_domains
nftset=/.google.co.ck/4#inet#fw4#vpn_domains
nftset=/google.co.ck/4#inet#fw4#vpn_domains
nftset=/.google.cl/4#inet#fw4#vpn_domains
nftset=/google.cl/4#inet#fw4#vpn_domains
nftset=/.google.cm/4#inet#fw4#vpn_domains
nftset=/google.cm/4#inet#fw4#vpn_domains
nftset=/.google.cn/4#inet#fw4#vpn_domains
nftset=/google.cn/4#inet#fw4#vpn_domains
nftset=/.google.com.co/4#inet#fw4#vpn_domains
nftset=/google.com.co/4#inet#fw4#vpn_domains
nftset=/.google.co.cr/4#inet#fw4#vpn_domains
nftset=/google.co.cr/4#inet#fw4#vpn_domains
nftset=/.google.com.cu/4#inet#fw4#vpn_domains
nftset=/google.com.cu/4#inet#fw4#vpn_domains
nftset=/.google.cv/4#inet#fw4#vpn_domains
nftset=/google.cv/4#inet#fw4#vpn_domains
nftset=/.google.com.cy/4#inet#fw4#vpn_domains
nftset=/google.com.cy/4#inet#fw4#vpn_domains
nftset=/.google.cz/4#inet#fw4#vpn_domains
nftset=/google.cz/4#inet#fw4#vpn_domains
nftset=/.google.de/4#inet#fw4#vpn_domains
nftset=/google.de/4#inet#fw4#vpn_domains
nftset=/.google.dj/4#inet#fw4#vpn_domains
nftset=/google.dj/4#inet#fw4#vpn_domains
nftset=/.google.dk/4#inet#fw4#vpn_domains
nftset=/google.dk/4#inet#fw4#vpn_domains
nftset=/.google.dm/4#inet#fw4#vpn_domains
nftset=/google.dm/4#inet#fw4#vpn_domains
nftset=/.google.com.do/4#inet#fw4#vpn_domains
nftset=/google.com.do/4#inet#fw4#vpn_domains
nftset=/.google.dz/4#inet#fw4#vpn_domains
nftset=/google.dz/4#inet#fw4#vpn_domains
nftset=/.google.com.ec/4#inet#fw4#vpn_domains
nftset=/google.com.ec/4#inet#fw4#vpn_domains
nftset=/.google.ee/4#inet#fw4#vpn_domains
nftset=/google.ee/4#inet#fw4#vpn_domains
nftset=/.google.com.eg/4#inet#fw4#vpn_domains
nftset=/google.com.eg/4#inet#fw4#vpn_domains
nftset=/.google.es/4#inet#fw4#vpn_domains
nftset=/google.es/4#inet#fw4#vpn_domains
nftset=/.google.com.et/4#inet#fw4#vpn_domains
nftset=/google.com.et/4#inet#fw4#vpn_domains
nftset=/.google.fi/4#inet#fw4#vpn_domains
nftset=/google.fi/4#inet#fw4#vpn_domains
nftset=/.google.com.fj/4#inet#fw4#vpn_domains
nftset=/google.com.fj/4#inet#fw4#vpn_domains
nftset=/.google.fm/4#inet#fw4#vpn_domains
nftset=/google.fm/4#inet#fw4#vpn_domains
nftset=/.google.fr/4#inet#fw4#vpn_domains
nftset=/google.fr/4#inet#fw4#vpn_domains
nftset=/.google.ga/4#inet#fw4#vpn_domains
nftset=/google.ga/4#inet#fw4#vpn_domains
nftset=/.google.ge/4#inet#fw4#vpn_domains
nftset=/google.ge/4#inet#fw4#vpn_domains
nftset=/.google.gg/4#inet#fw4#vpn_domains
nftset=/google.gg/4#inet#fw4#vpn_domains
nftset=/.google.com.gh/4#inet#fw4#vpn_domains
nftset=/google.com.gh/4#inet#fw4#vpn_domains
nftset=/.google.com.gi/4#inet#fw4#vpn_domains
nftset=/google.com.gi/4#inet#fw4#vpn_domains
nftset=/.google.gl/4#inet#fw4#vpn_domains
nftset=/google.gl/4#inet#fw4#vpn_domains
nftset=/.google.gm/4#inet#fw4#vpn_domains
nftset=/google.gm/4#inet#fw4#vpn_domains
nftset=/.google.gr/4#inet#fw4#vpn_domains
nftset=/google.gr/4#inet#fw4#vpn_domains
nftset=/.google.com.gt/4#inet#fw4#vpn_domains
nftset=/google.com.gt/4#inet#fw4#vpn_domains
nftset=/.google.gy/4#inet#fw4#vpn_domains
nftset=/google.gy/4#inet#fw4#vpn_domains
nftset=/.google.com.hk/4#inet#fw4#vpn_domains
nftset=/google.com.hk/4#inet#fw4#vpn_domains
nftset=/.google.hn/4#inet#fw4#vpn_domains
nftset=/google.hn/4#inet#fw4#vpn_domains
nftset=/.google.hr/4#inet#fw4#vpn_domains
nftset=/google.hr/4#inet#fw4#vpn_domains
nftset=/.google.ht/4#inet#fw4#vpn_domains
nftset=/google.ht/4#inet#fw4#vpn_domains
nftset=/.google.hu/4#inet#fw4#vpn_domains
nftset=/google.hu/4#inet#fw4#vpn_domains
nftset=/.google.co.id/4#inet#fw4#vpn_domains
nftset=/google.co.id/4#inet#fw4#vpn_domains
nftset=/.google.ie/4#inet#fw4#vpn_domains
nftset=/google.ie/4#inet#fw4#vpn_domains
nftset=/.google.co.il/4#inet#fw4#vpn_domains
nftset=/google.co.il/4#inet#fw4#vpn_domains
nftset=/.google.im/4#inet#fw4#vpn_domains
nftset=/google.im/4#inet#fw4#vpn_domains
nftset=/.google.co.in/4#inet#fw4#vpn_domains
nftset=/google.co.in/4#inet#fw4#vpn_domains
nftset=/.google.iq/4#inet#fw4#vpn_domains
nftset=/google.iq/4#inet#fw4#vpn_domains
nftset=/.google.is/4#inet#fw4#vpn_domains
nftset=/google.is/4#inet#fw4#vpn_domains
nftset=/.google.it/4#inet#fw4#vpn_domains
nftset=/google.it/4#inet#fw4#vpn_domains
nftset=/.google.je/4#inet#fw4#vpn_domains
nftset=/google.je/4#inet#fw4#vpn_domains
nftset=/.google.com.jm/4#inet#fw4#vpn_domains
nftset=/google.com.jm/4#inet#fw4#vpn_domains
nftset=/.google.jo/4#inet#fw4#vpn_domains
nftset=/google.jo/4#inet#fw4#vpn_domains
nftset=/.google.co.jp/4#inet#fw4#vpn_domains
nftset=/google.co.jp/4#inet#fw4#vpn_domains
nftset=/.google.co.ke/4#inet#fw4#vpn_domains
nftset=/google.co.ke/4#inet#fw4#vpn_domains
nftset=/.google.com.kh/4#inet#fw4#vpn_domains
nftset=/google.com.kh/4#inet#fw4#vpn_domains
nftset=/.google.ki/4#inet#fw4#vpn_domains
nftset=/google.ki/4#inet#fw4#vpn_domains
nftset=/.google.kg/4#inet#fw4#vpn_domains
nftset=/google.kg/4#inet#fw4#vpn_domains
nftset=/.google.co.kr/4#inet#fw4#vpn_domains
nftset=/google.co.kr/4#inet#fw4#vpn_domains
nftset=/.google.com.kw/4#inet#fw4#vpn_domains
nftset=/google.com.kw/4#inet#fw4#vpn_domains
nftset=/.google.kz/4#inet#fw4#vpn_domains
nftset=/google.kz/4#inet#fw4#vpn_domains
nftset=/.google.la/4#inet#fw4#vpn_domains
nftset=/google.la/4#inet#fw4#vpn_domains
nftset=/.google.com.lb/4#inet#fw4#vpn_domains
nftset=/google.com.lb/4#inet#fw4#vpn_domains
nftset=/.google.li/4#inet#fw4#vpn_domains
nftset=/google.li/4#inet#fw4#vpn_domains
nftset=/.google.lk/4#inet#fw4#vpn_domains
nftset=/google.lk/4#inet#fw4#vpn_domains
nftset=/.google.co.ls/4#inet#fw4#vpn_domains
nftset=/google.co.ls/4#inet#fw4#vpn_domains
nftset=/.google.lt/4#inet#fw4#vpn_domains
nftset=/google.lt/4#inet#fw4#vpn_domains
nftset=/.google.lu/4#inet#fw4#vpn_domains
nftset=/google.lu/4#inet#fw4#vpn_domains
nftset=/.google.lv/4#inet#fw4#vpn_domains
nftset=/google.lv/4#inet#fw4#vpn_domains
nftset=/.google.com.ly/4#inet#fw4#vpn_domains
nftset=/google.com.ly/4#inet#fw4#vpn_domains
nftset=/.google.co.ma/4#inet#fw4#vpn_domains
nftset=/google.co.ma/4#inet#fw4#vpn_domains
nftset=/.google.md/4#inet#fw4#vpn_domains
nftset=/google.md/4#inet#fw4#vpn_domains
nftset=/.google.me/4#inet#fw4#vpn_domains
nftset=/google.me/4#inet#fw4#vpn_domains
nftset=/.google.mg/4#inet#fw4#vpn_domains
nftset=/google.mg/4#inet#fw4#vpn_domains
nftset=/.google.mk/4#inet#fw4#vpn_domains
nftset=/google.mk/4#inet#fw4#vpn_domains
nftset=/.google.ml/4#inet#fw4#vpn_domains
nftset=/google.ml/4#inet#fw4#vpn_domains
nftset=/.google.com.mm/4#inet#fw4#vpn_domains
nftset=/google.com.mm/4#inet#fw4#vpn_domains
nftset=/.google.mn/4#inet#fw4#vpn_domains
nftset=/google.mn/4#inet#fw4#vpn_domains
nftset=/.google.com.mt/4#inet#fw4#vpn_domains
nftset=/google.com.mt/4#inet#fw4#vpn_domains
nftset=/.google.mu/4#inet#fw4#vpn_domains
nftset=/google.mu/4#inet#fw4#vpn_domains
nftset=/.google.mv/4#inet#fw4#vpn_domains
nftset=/google.mv/4#inet#fw4#vpn_domains
nftset=/.google.mw/4#inet#fw4#vpn_domains
nftset=/google.mw/4#inet#fw4#vpn_domains
nftset=/.google.com.mx/4#inet#fw4#vpn_domains
nftset=/google.com.mx/4#inet#fw4#vpn_domains
nftset=/.google.com.my/4#inet#fw4#vpn_domains
nftset=/google.com.my/4#inet#fw4#vpn_domains
nftset=/.google.co.mz/4#inet#fw4#vpn_domains
nftset=/google.co.mz/4#inet#fw4#vpn_domains
nftset=/.google.com.na/4#inet#fw4#vpn_domains
nftset=/google.com.na/4#inet#fw4#vpn_domains
nftset=/.google.com.ng/4#inet#fw4#vpn_domains
nftset=/google.com.ng/4#inet#fw4#vpn_domains
nftset=/.google.com.ni/4#inet#fw4#vpn_domains
nftset=/google.com.ni/4#inet#fw4#vpn_domains
nftset=/.google.ne/4#inet#fw4#vpn_domains
nftset=/google.ne/4#inet#fw4#vpn_domains
nftset=/.google.nl/4#inet#fw4#vpn_domains
nftset=/google.nl/4#inet#fw4#vpn_domains
nftset=/.google.no/4#inet#fw4#vpn_domains
nftset=/google.no/4#inet#fw4#vpn_domains
nftset=/.google.com.np/4#inet#fw4#vpn_domains
nftset=/google.com.np/4#inet#fw4#vpn_domains
nftset=/.google.nr/4#inet#fw4#vpn_domains
nftset=/google.nr/4#inet#fw4#vpn_domains
nftset=/.google.nu/4#inet#fw4#vpn_domains
nftset=/google.nu/4#inet#fw4#vpn_domains
nftset=/.google.co.nz/4#inet#fw4#vpn_domains
nftset=/google.co.nz/4#inet#fw4#vpn_domains
nftset=/.google.com.om/4#inet#fw4#vpn_domains
nftset=/google.com.om/4#inet#fw4#vpn_domains
nftset=/.google.com.pa/4#inet#fw4#vpn_domains
nftset=/google.com.pa/4#inet#fw4#vpn_domains
nftset=/.google.com.pe/4#inet#fw4#vpn_domains
nftset=/google.com.pe/4#inet#fw4#vpn_domains
nftset=/.google.com.pg/4#inet#fw4#vpn_domains
nftset=/google.com.pg/4#inet#fw4#vpn_domains
nftset=/.google.com.ph/4#inet#fw4#vpn_domains
nftset=/google.com.ph/4#inet#fw4#vpn_domains
nftset=/.google.com.pk/4#inet#fw4#vpn_domains
nftset=/google.com.pk/4#inet#fw4#vpn_domains
nftset=/.google.pl/4#inet#fw4#vpn_domains
nftset=/google.pl/4#inet#fw4#vpn_domains
nftset=/.google.pn/4#inet#fw4#vpn_domains
nftset=/google.pn/4#inet#fw4#vpn_domains
nftset=/.google.com.pr/4#inet#fw4#vpn_domains
nftset=/google.com.pr/4#inet#fw4#vpn_domains
nftset=/.google.ps/4#inet#fw4#vpn_domains
nftset=/google.ps/4#inet#fw4#vpn_domains
nftset=/.google.pt/4#inet#fw4#vpn_domains
nftset=/google.pt/4#inet#fw4#vpn_domains
nftset=/.google.com.py/4#inet#fw4#vpn_domains
nftset=/google.com.py/4#inet#fw4#vpn_domains
nftset=/.google.com.qa/4#inet#fw4#vpn_domains
nftset=/google.com.qa/4#inet#fw4#vpn_domains
nftset=/.google.ro/4#inet#fw4#vpn_domains
nftset=/google.ro/4#inet#fw4#vpn_domains
nftset=/.google.ru/4#inet#fw4#vpn_domains
nftset=/google.ru/4#inet#fw4#vpn_domains
nftset=/.google.rw/4#inet#fw4#vpn_domains
nftset=/google.rw/4#inet#fw4#vpn_domains
nftset=/.google.com.sa/4#inet#fw4#vpn_domains
nftset=/google.com.sa/4#inet#fw4#vpn_domains
nftset=/.google.com.sb/4#inet#fw4#vpn_domains
nftset=/google.com.sb/4#inet#fw4#vpn_domains
nftset=/.google.sc/4#inet#fw4#vpn_domains
nftset=/google.sc/4#inet#fw4#vpn_domains
nftset=/.google.se/4#inet#fw4#vpn_domains
nftset=/google.se/4#inet#fw4#vpn_domains
nftset=/.google.com.sg/4#inet#fw4#vpn_domains
nftset=/google.com.sg/4#inet#fw4#vpn_domains
nftset=/.google.sh/4#inet#fw4#vpn_domains
nftset=/google.sh/4#inet#fw4#vpn_domains
nftset=/.google.si/4#inet#fw4#vpn_domains
nftset=/google.si/4#inet#fw4#vpn_domains
nftset=/.google.sk/4#inet#fw4#vpn_domains
nftset=/google.sk/4#inet#fw4#vpn_domains
nftset=/.google.com.sl/4#inet#fw4#vpn_domains
nftset=/google.com.sl/4#inet#fw4#vpn_domains
nftset=/.google.sn/4#inet#fw4#vpn_domains
nftset=/google.sn/4#inet#fw4#vpn_domains
nftset=/.google.so/4#inet#fw4#vpn_domains
nftset=/google.so/4#inet#fw4#vpn_domains
nftset=/.google.sm/4#inet#fw4#vpn_domains
nftset=/google.sm/4#inet#fw4#vpn_domains
nftset=/.google.sr/4#inet#fw4#vpn_domains
nftset=/google.sr/4#inet#fw4#vpn_domains
nftset=/.google.st/4#inet#fw4#vpn_domains
nftset=/google.st/4#inet#fw4#vpn_domains
nftset=/.google.com.sv/4#inet#fw4#vpn_domains
nftset=/google.com.sv/4#inet#fw4#vpn_domains
nftset=/.google.td/4#inet#fw4#vpn_domains
nftset=/google.td/4#inet#fw4#vpn_domains
nftset=/.google.tg/4#inet#fw4#vpn_domains
nftset=/google.tg/4#inet#fw4#vpn_domains
nftset=/.google.co.th/4#inet#fw4#vpn_domains
nftset=/google.co.th/4#inet#fw4#vpn_domains
nftset=/.google.com.tj/4#inet#fw4#vpn_domains
nftset=/google.com.tj/4#inet#fw4#vpn_domains
nftset=/.google.tl/4#inet#fw4#vpn_domains
nftset=/google.tl/4#inet#fw4#vpn_domains
nftset=/.google.tm/4#inet#fw4#vpn_domains
nftset=/google.tm/4#inet#fw4#vpn_domains
nftset=/.google.tn/4#inet#fw4#vpn_domains
nftset=/google.tn/4#inet#fw4#vpn_domains
nftset=/.google.to/4#inet#fw4#vpn_domains
nftset=/google.to/4#inet#fw4#vpn_domains
nftset=/.google.com.tr/4#inet#fw4#vpn_domains
nftset=/google.com.tr/4#inet#fw4#vpn_domains
nftset=/.google.tt/4#inet#fw4#vpn_domains
nftset=/google.tt/4#inet#fw4#vpn_domains
nftset=/.google.com.tw/4#inet#fw4#vpn_domains
nftset=/google.com.tw/4#inet#fw4#vpn_domains
nftset=/.google.co.tz/4#inet#fw4#vpn_domains
nftset=/google.co.tz/4#inet#fw4#vpn_domains
nftset=/.google.com.ua/4#inet#fw4#vpn_domains
nftset=/google.com.ua/4#inet#fw4#vpn_domains
nftset=/.google.co.ug/4#inet#fw4#vpn_domains
nftset=/google.co.ug/4#inet#fw4#vpn_domains
nftset=/.google.co.uk/4#inet#fw4#vpn_domains
nftset=/google.co.uk/4#inet#fw4#vpn_domains
nftset=/.google.com.uy/4#inet#fw4#vpn_domains
nftset=/google.com.uy/4#inet#fw4#vpn_domains
nftset=/.google.co.uz/4#inet#fw4#vpn_domains
nftset=/google.co.uz/4#inet#fw4#vpn_domains
nftset=/.google.com.vc/4#inet#fw4#vpn_domains
nftset=/google.com.vc/4#inet#fw4#vpn_domains
nftset=/.google.co.ve/4#inet#fw4#vpn_domains
nftset=/google.co.ve/4#inet#fw4#vpn_domains
nftset=/.google.co.vi/4#inet#fw4#vpn_domains
nftset=/google.co.vi/4#inet#fw4#vpn_domains
nftset=/.google.com.vn/4#inet#fw4#vpn_domains
nftset=/google.com.vn/4#inet#fw4#vpn_domains
nftset=/.google.vu/4#inet#fw4#vpn_domains
nftset=/google.vu/4#inet#fw4#vpn_domains
nftset=/.google.ws/4#inet#fw4#vpn_domains
nftset=/google.ws/4#inet#fw4#vpn_domains
nftset=/.google.rs/4#inet#fw4#vpn_domains
nftset=/google.rs/4#inet#fw4#vpn_domains
nftset=/.google.co.za/4#inet#fw4#vpn_domains
nftset=/google.co.za/4#inet#fw4#vpn_domains
nftset=/.google.co.zm/4#inet#fw4#vpn_domains
nftset=/google.co.zm/4#inet#fw4#vpn_domains
nftset=/.google.co.zw/4#inet#fw4#vpn_domains
nftset=/google.co.zw/4#inet#fw4#vpn_domains
nftset=/.google.cat/4#inet#fw4#vpn_domains
nftset=/google.cat/4#inet#fw4#vpn_domains

# Google Core Services
nftset=/.1e100.net/4#inet#fw4#vpn_domains
nftset=/1e100.net/4#inet#fw4#vpn_domains
nftset=/.android.com/4#inet#fw4#vpn_domains
nftset=/android.com/4#inet#fw4#vpn_domains
nftset=/.appspot.com/4#inet#fw4#vpn_domains
nftset=/appspot.com/4#inet#fw4#vpn_domains
nftset=/.ggpht.com/4#inet#fw4#vpn_domains
nftset=/ggpht.com/4#inet#fw4#vpn_domains
nftset=/.gstatic.com/4#inet#fw4#vpn_domains
nftset=/gstatic.com/4#inet#fw4#vpn_domains
nftset=/.googleapis.com/4#inet#fw4#vpn_domains
nftset=/googleapis.com/4#inet#fw4#vpn_domains
nftset=/.googleusercontent.com/4#inet#fw4#vpn_domains
nftset=/googleusercontent.com/4#inet#fw4#vpn_domains
nftset=/.googlevideo.com/4#inet#fw4#vpn_domains
nftset=/googlevideo.com/4#inet#fw4#vpn_domains
nftset=/.gvt1.com/4#inet#fw4#vpn_domains
nftset=/gvt1.com/4#inet#fw4#vpn_domains
nftset=/.gvt2.com/4#inet#fw4#vpn_domains
nftset=/gvt2.com/4#inet#fw4#vpn_domains
nftset=/.gvt3.com/4#inet#fw4#vpn_domains
nftset=/gvt3.com/4#inet#fw4#vpn_domains
nftset=/.youtube.com/4#inet#fw4#vpn_domains
nftset=/youtube.com/4#inet#fw4#vpn_domains
nftset=/.ytimg.com/4#inet#fw4#vpn_domains
nftset=/ytimg.com/4#inet#fw4#vpn_domains
nftset=/.youtu.be/4#inet#fw4#vpn_domains
nftset=/youtu.be/4#inet#fw4#vpn_domains
nftset=/.youtube-nocookie.com/4#inet#fw4#vpn_domains
nftset=/youtube-nocookie.com/4#inet#fw4#vpn_domains
nftset=/.youtubekids.com/4#inet#fw4#vpn_domains
nftset=/youtubekids.com/4#inet#fw4#vpn_domains
nftset=/.withgoogle.com/4#inet#fw4#vpn_domains
nftset=/withgoogle.com/4#inet#fw4#vpn_domains
nftset=/.withyoutube.com/4#inet#fw4#vpn_domains
nftset=/withyoutube.com/4#inet#fw4#vpn_domains
nftset=/.gmail.com/4#inet#fw4#vpn_domains
nftset=/gmail.com/4#inet#fw4#vpn_domains
nftset=/.blogger.com/4#inet#fw4#vpn_domains
nftset=/blogger.com/4#inet#fw4#vpn_domains
nftset=/.blogspot.com/4#inet#fw4#vpn_domains
nftset=/blogspot.com/4#inet#fw4#vpn_domains
nftset=/.chrome.com/4#inet#fw4#vpn_domains
nftset=/chrome.com/4#inet#fw4#vpn_domains
nftset=/.chromium.org/4#inet#fw4#vpn_domains
nftset=/chromium.org/4#inet#fw4#vpn_domains
nftset=/.firebaseio.com/4#inet#fw4#vpn_domains
nftset=/firebaseio.com/4#inet#fw4#vpn_domains
nftset=/.crashlytics.com/4#inet#fw4#vpn_domains
nftset=/crashlytics.com/4#inet#fw4#vpn_domains
nftset=/.goo.gle/4#inet#fw4#vpn_domains
nftset=/goo.gle/4#inet#fw4#vpn_domains
nftset=/.goo.gl/4#inet#fw4#vpn_domains
nftset=/goo.gl/4#inet#fw4#vpn_domains
nftset=/.g.co/4#inet#fw4#vpn_domains
nftset=/g.co/4#inet#fw4#vpn_domains
nftset=/.abc.xyz/4#inet#fw4#vpn_domains
nftset=/abc.xyz/4#inet#fw4#vpn_domains
nftset=/.googleblog.com/4#inet#fw4#vpn_domains
nftset=/googleblog.com/4#inet#fw4#vpn_domains
nftset=/.deepmind.com/4#inet#fw4#vpn_domains
nftset=/deepmind.com/4#inet#fw4#vpn_domains
nftset=/.deepmind.google/4#inet#fw4#vpn_domains
nftset=/deepmind.google/4#inet#fw4#vpn_domains
nftset=/.gemini.google/4#inet#fw4#vpn_domains
nftset=/gemini.google/4#inet#fw4#vpn_domains
nftset=/.ai.google/4#inet#fw4#vpn_domains
nftset=/ai.google/4#inet#fw4#vpn_domains
nftset=/.widevine.com/4#inet#fw4#vpn_domains
nftset=/widevine.com/4#inet#fw4#vpn_domains
nftset=/.doubleclick.com/4#inet#fw4#vpn_domains
nftset=/doubleclick.com/4#inet#fw4#vpn_domains
nftset=/.doubleclick.net/4#inet#fw4#vpn_domains
nftset=/doubleclick.net/4#inet#fw4#vpn_domains
nftset=/.google-analytics.com/4#inet#fw4#vpn_domains
nftset=/google-analytics.com/4#inet#fw4#vpn_domains
nftset=/.googleadservices.com/4#inet#fw4#vpn_domains
nftset=/googleadservices.com/4#inet#fw4#vpn_domains
nftset=/.googlesyndication.com/4#inet#fw4#vpn_domains
nftset=/googlesyndication.com/4#inet#fw4#vpn_domains
nftset=/.googletagmanager.com/4#inet#fw4#vpn_domains
nftset=/googletagmanager.com/4#inet#fw4#vpn_domains

# Google DoH/DNS
nftset=/.dns.google/4#inet#fw4#vpn_domains
nftset=/dns.google/4#inet#fw4#vpn_domains
nftset=/.dns.google.com/4#inet#fw4#vpn_domains
nftset=/dns.google.com/4#inet#fw4#vpn_domains
nftset=/.dns64.dns.google/4#inet#fw4#vpn_domains
nftset=/dns64.dns.google/4#inet#fw4#vpn_domains

# Cloudflare DoH
nftset=/.cloudflare-dns.com/4#inet#fw4#vpn_domains
nftset=/cloudflare-dns.com/4#inet#fw4#vpn_domains
nftset=/.one.one.one.one/4#inet#fw4#vpn_domains
nftset=/one.one.one.one/4#inet#fw4#vpn_domains

# IP Check/Test Domains
nftset=/.browserleaks.com/4#inet#fw4#vpn_domains
nftset=/browserleaks.com/4#inet#fw4#vpn_domains
nftset=/.ipinfo.io/4#inet#fw4#vpn_domains
nftset=/ipinfo.io/4#inet#fw4#vpn_domains
nftset=/.ifconfig.me/4#inet#fw4#vpn_domains
nftset=/ifconfig.me/4#inet#fw4#vpn_domains
nftset=/.ifconfig.co/4#inet#fw4#vpn_domains
nftset=/ifconfig.co/4#inet#fw4#vpn_domains
nftset=/.ipify.org/4#inet#fw4#vpn_domains
nftset=/ipify.org/4#inet#fw4#vpn_domains
nftset=/.whatismyipaddress.com/4#inet#fw4#vpn_domains
nftset=/whatismyipaddress.com/4#inet#fw4#vpn_domains
nftset=/.ipleak.net/4#inet#fw4#vpn_domains
nftset=/ipleak.net/4#inet#fw4#vpn_domains
