nftset=/.instagram.com/4#inet#fw4#vpn_domains
nftset=/instagram.com/4#inet#fw4#vpn_domains
nftset=/.cdninstagram.com/4#inet#fw4#vpn_domains
nftset=/cdninstagram.com/4#inet#fw4#vpn_domains
nftset=/.igcdn.com/4#inet#fw4#vpn_domains
nftset=/igcdn.com/4#inet#fw4#vpn_domains
nftset=/.facebook.com/4#inet#fw4#vpn_domains
nftset=/facebook.com/4#inet#fw4#vpn_domains
nftset=/.fbcdn.net/4#inet#fw4#vpn_domains
nftset=/fbcdn.net/4#inet#fw4#vpn_domains
nftset=/instagramstatic-a.akamaihd.net/4#inet#fw4#vpn_domains
nftset=/.instagramstatic-a.akamaihd.net/4#inet#fw4#vpn_domains
nftset=/instagramstatic-b.akamaihd.net/4#inet#fw4#vpn_domains
nftset=/.instagramstatic-b.akamaihd.net/4#inet#fw4#vpn_domains
nftset=/instagramstatic-c.akamaihd.net/4#inet#fw4#vpn_domains
nftset=/.instagramstatic-c.akamaihd.net/4#inet#fw4#vpn_domains
nftset=/instagramstatic-d.akamaihd.net/4#inet#fw4#vpn_domains
nftset=/.instagramstatic-d.akamaihd.net/4#inet#fw4#vpn_domains
nftset=/instagramstatic-e.akamaihd.net/4#inet#fw4#vpn_domains
nftset=/.instagramstatic-e.akamaihd.net/4#inet#fw4#vpn_domains
nftset=/instagramstatic-f.akamaihd.net/4#inet#fw4#vpn_domains
nftset=/.instagramstatic-f.akamaihd.net/4#inet#fw4#vpn_domains
nftset=/instagramstatic-g.akamaihd.net/4#inet#fw4#vpn_domains
nftset=/.instagramstatic-g.akamaihd.net/4#inet#fw4#vpn_domains
nftset=/instagramstatic-h.akamaihd.net/4#inet#fw4#vpn_domains
nftset=/.instagramstatic-h.akamaihd.net/4#inet#fw4#vpn_domains
