nftset=/windsurf.com/4#inet#fw4#vpn_domains
nftset=/.windsurf.com/4#inet#fw4#vpn_domains
nftset=/windsurf.ai/4#inet#fw4#vpn_domains
nftset=/.windsurf.ai/4#inet#fw4#vpn_domains
nftset=/codeium.com/4#inet#fw4#vpn_domains
nftset=/.codeium.com/4#inet#fw4#vpn_domains
nftset=/server.codeium.com/4#inet#fw4#vpn_domains
nftset=/.server.codeium.com/4#inet#fw4#vpn_domains
nftset=/codeiumdata.com/4#inet#fw4#vpn_domains
nftset=/.codeiumdata.com/4#inet#fw4#vpn_domains
nftset=/windsurf.canny.io/4#inet#fw4#vpn_domains
nftset=/.windsurf.canny.io/4#inet#fw4#vpn_domains
nftset=/codeium.canny.io/4#inet#fw4#vpn_domains
nftset=/.codeium.canny.io/4#inet#fw4#vpn_domains
nftset=/mintcdn.com/4#inet#fw4#vpn_domains
nftset=/.mintcdn.com/4#inet#fw4#vpn_domains
nftset=/mintlify.com/4#inet#fw4#vpn_domains
nftset=/.mintlify.com/4#inet#fw4#vpn_domains
nftset=/d4tuoctqmanu0.cloudfront.net/4#inet#fw4#vpn_domains
nftset=/.d4tuoctqmanu0.cloudfront.net/4#inet#fw4#vpn_domains
nftset=/luma.com/4#inet#fw4#vpn_domains
nftset=/.luma.com/4#inet#fw4#vpn_domains
nftset=/exafunction.github.io/4#inet#fw4#vpn_domains
nftset=/.exafunction.github.io/4#inet#fw4#vpn_domains
nftset=/googletagmanager.com/4#inet#fw4#vpn_domains
nftset=/.googletagmanager.com/4#inet#fw4#vpn_domains
